// Jest Snapshot v1, https://goo.gl/fbAQLP

exports[`<LoginForm /> renders correctly 1`] = `
<CardWithTitle
  padding="2em"
  size="small"
  title="Login"
>
  <form
    onSubmit={[Function]}
  >
    <Field
      component={[Function]}
      fullWidth={true}
      label="Email"
      name="email"
      validate={[Function]}
    />
    <Field
      component={[Function]}
      fullWidth={true}
      label="Wachtwoord"
      name="password"
      type="password"
      validate={[Function]}
    />
    <RaisedButton
      disabled={true}
      fullWidth={true}
      label="Inloggen"
      labelPosition="after"
      primary={true}
      secondary={false}
      type="submit"
    />
  </form>
</CardWithTitle>
`;
