exports[`<ForgotPassword /> renders correctly 1`] = `
<Styled(undefined)>
  <MuiComponent
    title="Reset your password"
    titleColor="white" />
  <CardText>
    <form
      action="/"
      onSubmit={[Function]}>
      <TextField
        disabled={false}
        floatingLabelFixed={false}
        floatingLabelText="Email"
        fullWidth={true}
        multiLine={false}
        name="email"
        onChange={[Function]}
        rows={1}
        type="text"
        underlineShow={true}
        value="" />
      <DialogButton
        fullWidth={true}
        label="Reset password"
        primary={true}
        type="submit" />
    </form>
  </CardText>
</Styled(undefined)>
`;
