exports[`<ResetPassword /> renders correctly 1`] = `
<div>
  <form
    action="/"
    onSubmit={[Function]}>
    <TextField
      disabled={false}
      floatingLabelFixed={false}
      floatingLabelText="Password"
      fullWidth={false}
      multiLine={false}
      name="password"
      onChange={[Function]}
      rows={1}
      type="password"
      underlineShow={true}
      value="" />
    <br />
    <TextField
      disabled={false}
      floatingLabelFixed={false}
      floatingLabelText="Repeat password"
      fullWidth={false}
      multiLine={false}
      name="passwordConfirmation"
      onChange={[Function]}
      rows={1}
      type="password"
      underlineShow={true}
      value="" />
    <br />
    <RaisedButton
      disabled={false}
      fullWidth={false}
      label="Reset password"
      labelPosition="after"
      primary={true}
      secondary={false}
      type="submit" />
  </form>
</div>
`;

exports[`<ResetPassword /> warns of a missing token 1`] = `
<div>
  Could not find a token. Did you use the correct link?
</div>
`;
