exports[`<SignupForm /> renders correctly 1`] = `
<Styled(undefined)>
  <MuiComponent
    title="Create an account with ForecastXL"
    titleColor="white" />
  <CardText>
    <form
      action="/"
      onSubmit={[Function]}>
      <styled.div
        bottom={true}>
        <TextField
          disabled={false}
          floatingLabelFixed={false}
          floatingLabelText="First Name"
          fullWidth={true}
          multiLine={false}
          name="firstName"
          onChange={[Function]}
          rows={1}
          type="text"
          underlineShow={true}
          value="" />
        <br />
        <TextField
          disabled={false}
          floatingLabelFixed={false}
          floatingLabelText="Last Name"
          fullWidth={true}
          multiLine={false}
          name="lastName"
          onChange={[Function]}
          rows={1}
          type="text"
          underlineShow={true}
          value="" />
        <br />
        <TextField
          disabled={false}
          floatingLabelFixed={false}
          floatingLabelText="Company Name"
          fullWidth={true}
          multiLine={false}
          name="companyName"
          onChange={[Function]}
          rows={1}
          type="text"
          underlineShow={true}
          value="" />
        <br />
        <TextField
          disabled={false}
          floatingLabelFixed={false}
          floatingLabelText="Phone Number"
          fullWidth={true}
          multiLine={false}
          name="phoneNumber"
          onChange={[Function]}
          rows={1}
          type="tel"
          underlineShow={true}
          value="" />
        <br />
        <TextField
          disabled={false}
          floatingLabelFixed={false}
          floatingLabelText="Email"
          fullWidth={true}
          multiLine={false}
          name="email"
          onChange={[Function]}
          rows={1}
          type="email"
          underlineShow={true}
          value="" />
        <br />
        <TextField
          disabled={false}
          floatingLabelFixed={false}
          floatingLabelText="Password"
          fullWidth={true}
          multiLine={false}
          name="password"
          onChange={[Function]}
          rows={1}
          type="password"
          underlineShow={true}
          value="" />
        <br />
        <TextField
          disabled={false}
          floatingLabelFixed={false}
          floatingLabelText="Repeat password"
          fullWidth={true}
          multiLine={false}
          name="passwordConfirmation"
          onChange={[Function]}
          rows={1}
          type="password"
          underlineShow={true}
          value="" />
        <br />
      </styled.div>
      <Checkbox
        checked={false}
        disabled={false}
        label="I agree to the terms and conditions"
        labelPosition="right"
        name="agreedToGeneralTerms"
        onCheck={[Function]} />
      <br />
      <DialogButton
        fullWidth={true}
        label="Sign up"
        primary={true}
        type="submit" />
    </form>
  </CardText>
</Styled(undefined)>
`;
