exports[`<Login /> renders correctly 1`] = `
<styled.div>
  <TextField
    disabled={false}
    floatingLabelFixed={false}
    floatingLabelText="Name"
    fullWidth={false}
    multiLine={false}
    rows={1}
    type="text"
    underlineShow={true} />
  <br />
  <TextField
    disabled={false}
    floatingLabelFixed={false}
    floatingLabelText="Password"
    fullWidth={false}
    multiLine={false}
    rows={1}
    type="password"
    underlineShow={true} />
  <br />
  <styled.div>
    <Styled(undefined)
      label="Login"
      primary={true} />
    <RaisedButton
      disabled={false}
      fullWidth={false}
      label="Clear"
      labelPosition="after"
      primary={false}
      secondary={true} />
  </styled.div>
</styled.div>
`;
