// Jest Snapshot v1, https://goo.gl/fbAQLP

exports[`<Routes /> renders correctly 1`] = `
<div>
  <Connect(withRouter()) />
  <Switch>
    <Route
      component={[Function]}
      exact={true}
      path="/login"
    />
    <Route
      component={[Function]}
      path="/login/forgot-password"
    />
    <Route
      component={[Function]}
      path="/login/reset-password"
    />
    <Route
      component={[Function]}
      exact={true}
      path="/signup"
    />
    <Route
      component={[Function]}
      path="/signup/confirm"
    />
    <Connect(DumbProtectedRoute)
      component={[Function]}
      exact={true}
      path="/"
    />
    <Connect(DumbProtectedRoute)
      component={[Function]}
      path="/profile"
    />
    <Route
      component={[Function]}
    />
  </Switch>
  <Connect(NotificationsContainer) />
</div>
`;
