// Jest Snapshot v1, https://goo.gl/fbAQLP

exports[`<Profile /> renders correctly 1`] = `
<styled.div>
  <form
    action="/"
    onSubmit={[Function]}
  >
    <styled.div
      bottom={true}
      size="2rem"
    >
      <h2>
        Mijn profiel
      </h2>
      <TextField
        disabled={false}
        floatingLabelFixed={false}
        floatingLabelText="Voornaam"
        fullWidth={true}
        multiLine={false}
        name="firstName"
        onChange={[Function]}
        rows={1}
        type="text"
        underlineShow={true}
        value=""
      />
      <TextField
        disabled={false}
        floatingLabelFixed={false}
        floatingLabelText="Achternaam"
        fullWidth={true}
        multiLine={false}
        name="lastName"
        onChange={[Function]}
        rows={1}
        type="text"
        underlineShow={true}
        value=""
      />
      <TextField
        disabled={false}
        floatingLabelFixed={false}
        floatingLabelText="Email"
        fullWidth={true}
        multiLine={false}
        name="email"
        onChange={[Function]}
        rows={1}
        type="text"
        underlineShow={true}
        value=""
      />
    </styled.div>
    <h2>
      Wachtwoord wijzigen
    </h2>
    <TextField
      disabled={false}
      floatingLabelFixed={false}
      floatingLabelText="Huidig wachtwoord"
      fullWidth={true}
      multiLine={false}
      name="currentPassword"
      onChange={[Function]}
      rows={1}
      type="password"
      underlineShow={true}
      value=""
    />
    <TextField
      disabled={false}
      floatingLabelFixed={false}
      floatingLabelText="Nieuw wachtwoord"
      fullWidth={true}
      multiLine={false}
      name="newPassword"
      onChange={[Function]}
      rows={1}
      type="password"
      underlineShow={true}
      value=""
    />
    <TextField
      disabled={false}
      floatingLabelFixed={false}
      floatingLabelText="Herhaal nieuw wachtwoord"
      fullWidth={true}
      multiLine={false}
      name="newPasswordConfirmation"
      onChange={[Function]}
      rows={1}
      type="password"
      underlineShow={true}
      value=""
    />
    <DialogButton
      label="Wijzig profiel"
      primary={true}
      type="submit"
    />
  </form>
</styled.div>
`;
