exports[`<App /> renders correctly 1`] = `
<Provider
  store={
    Object {
      "dispatch": [Function],
      "getState": [Function],
      "replaceReducer": [Function],
      "subscribe": [Function],
    }
  }>
  <MuiThemeProvider>
    <Connect(ConnectedRouter)
      history={Object {}}>
      <Routes />
    </Connect(ConnectedRouter)>
  </MuiThemeProvider>
</Provider>
`;
