exports[`<Routes /> renders correctly 1`] = `
<div>
  <Header />
  <Match
    component={[Function]}
    exactly={true}
    pattern="/" />
  <Match
    component={[Function]}
    exactly={false}
    pattern="/login" />
  <Match
    component={[Function]}
    exactly={true}
    pattern="/signup" />
  <Match
    component={[Function]}
    exactly={false}
    pattern="/signup/confirm" />
  <Match
    component={[Function]}
    exactly={false}
    pattern="/signup/success" />
</div>
`;
