// Jest Snapshot v1, https://goo.gl/fbAQLP

exports[`<Routes /> renders correctly 1`] = `
<div>
  <Connect(Header) />
  <Match
    component={[Function]}
    exactly={true}
    pattern="/"
  />
  <Match
    component={[Function]}
    exactly={true}
    pattern="/login"
  />
  <Match
    component={[Function]}
    exactly={true}
    pattern="/login/forgot-password"
  />
  <Match
    component={[Function]}
    exactly={false}
    pattern="/login/forgot-password/success"
  />
  <Match
    component={[Function]}
    exactly={false}
    pattern="/login/reset-password"
  />
  <Match
    component={[Function]}
    exactly={true}
    pattern="/signup"
  />
  <Match
    component={[Function]}
    exactly={false}
    pattern="/signup/success"
  />
  <Match
    component={[Function]}
    exactly={false}
    pattern="/signup/confirm"
  />
  <Match
    component={[Function]}
    exactly={false}
    pattern="/profile"
  />
</div>
`;
