// Jest Snapshot v1, https://goo.gl/fbAQLP

exports[`<DumbLogin /> renders client errors 1`] = `
<ClientError
  errorMessage="Client error"
/>
`;

exports[`<DumbLogin /> renders correctly 1`] = `
<Card
  padding="2rem"
  size="small"
  title="Login"
>
  <ReduxForm />
</Card>
`;

exports[`<DumbLogin /> renders server errors 1`] = `
<ServerError
  errorMessage="Server error"
/>
`;
