exports[`<App /> renders correctly 1`] = `
<Provider
  store={
    Object {
      "dispatch": [Function],
      "getState": [Function],
      "replaceReducer": [Function],
      "subscribe": [Function],
    }
  }>
  <Connect(ConnectedRouter)
    history={Object {}}>
    <MuiThemeProvider>
      <BrowserRouter>
        <Routes />
      </BrowserRouter>
    </MuiThemeProvider>
  </Connect(ConnectedRouter)>
</Provider>
`;
