// Jest Snapshot v1, https://goo.gl/fbAQLP

exports[`<UserNavigation /> renders correctly 1`] = `
<IconMenu
  anchorOrigin={
    Object {
      "horizontal": "right",
      "vertical": "bottom",
    }
  }
  animated={true}
  iconButtonElement={
    <IconButton
      disableTouchRipple={false}
      disabled={false}
      iconStyle={Object {}}
      tooltipPosition="bottom-center"
      touch={false}
    >
      <MuiComponent />
    </IconButton>
  }
  multiple={false}
  onItemTouchTap={[Function]}
  onKeyboardFocus={[Function]}
  onMouseDown={[Function]}
  onMouseEnter={[Function]}
  onMouseLeave={[Function]}
  onMouseUp={[Function]}
  onRequestChange={[Function]}
  onTouchTap={[Function]}
  open={null}
  targetOrigin={
    Object {
      "horizontal": "right",
      "vertical": "top",
    }
  }
  touchTapCloseDelay={200}
  useLayerForClickAway={false}
>
  <MenuItem
    anchorOrigin={
      Object {
        "horizontal": "right",
        "vertical": "top",
      }
    }
    checked={false}
    desktop={false}
    disabled={false}
    focusState="none"
    insetChildren={false}
  >
    <Styled(Link)
      to="/profile"
    >
      Profiel
    </Styled(Link)>
  </MenuItem>
  <Divider
    inset={false}
  />
  <Connect(DumbLogoutMenuItem)
    primaryText="Uitloggen"
  />
</IconMenu>
`;
